<html>
<body>
<pre>
<h1>µVision Build Log</h1>
<h2>Project:</h2>
C:\Users\Rosswell\Documents\Self_Parking_Car_Garage\Sensor_Obstacle_Avoidance\Lab2.uvproj
Project File Date:  03/16/2018

<h2>Output:</h2>
Rebuild target 'HelloLaunchPad'
compiling main.c...
main.c(81): warning:  #550-D: variable "delay" was set but never used
        unsigned int delay;
main.c(121): warning:  #1-D: last line of file ends without a newline
  }
main.c: 2 warnings, 0 errors
assembling startup.s...
linking...
Program Size: Code=2536 RO-data=2064 RW-data=48 ZI-data=1752  
".\HelloLaunchPad.axf" - 0 Error(s), 2 Warning(s).
Load "C:\\Users\\Rosswell\\Documents\\Self_Parking_Car_Garage\\Sensor_Obstacle_Avoidance\\HelloLaunchPad.axf" 
Connecting: Mode=JTAG, Speed=1000000Hz
Erase Done.
Programming Done.
Verify OK.
" - 3 Error(s), 1 Warning(s).
Target not created
\Users\\Rosswell\\Documents\\Self_Parking_Car_Garage\\Sensor_Obstacle_Avoidance\\HelloLaunchPad.axf" 
Connecting: Mode=JTAG, Speed=1000000Hz
Erase Done.
Programming Done.
Verify OK.
