<html>
<body>
<pre>
<h1>µVision Build Log</h1>
<h2>Project:</h2>
C:\Users\Rosswell\Documents\Self_Parking_Car_Garage\Car_Stepper\Lab2.uvproj
Project File Date:  04/29/2018

<h2>Output:</h2>
Rebuild target 'HelloLaunchPad'
compiling main.c...
assembling startup.s...
linking...
Program Size: Code=2164 RO-data=80 RW-data=24 ZI-data=1120  
FromELF: creating hex file...
".\HelloLaunchPad.axf" - 0 Error(s), 0 Warning(s).
Load "C:\\Users\\Rosswell\\Documents\\Self_Parking_Car_Garage\\Car_Stepper\\HelloLaunchPad.axf" 
Connecting: Mode=JTAG, Speed=1000000Hz
Erase Done.
Programming Done.
Verify OK.
