<html>
<body>
<pre>
<h1>µVision Build Log</h1>
<h2>Project:</h2>
C:\Users\Rosswell\Documents\Self_Parking_Car_Garage\Stepper_Motor\StepperMotor.uvproj
Project File Date:  05/04/2018

<h2>Output:</h2>
Rebuild target 'Stepper_Motor'
assembling startup.s...
compiling StepperTestMain.c...
StepperTestMain.c(117): warning:  #1-D: last line of file ends without a newline
  }
StepperTestMain.c: 1 warning, 0 errors
compiling stepper.c...
compiling SysTick.c...
linking...
Program Size: Code=2132 RO-data=56 RW-data=24 ZI-data=1120  
".\StepperMotor.axf" - 0 Error(s), 1 Warning(s).
Load "C:\\Users\\Rosswell\\Documents\\Self_Parking_Car_Garage\\Stepper_Motor\\StepperMotor.axf" 
Connecting: Mode=JTAG, Speed=1000000Hz
Erase Done.
Programming Done.
Verify OK.
Load "C:\\Users\\Rosswell\\Documents\\Self_Parking_Car_Garage\\Stepper_Motor\\StepperMotor.axf" 
Connecting: Mode=JTAG, Speed=1000000Hz
Erase Done.
Programming Done.
Verify OK.
Load "C:\\Users\\Rosswell\\Documents\\Self_Parking_Car_Garage\\Stepper_Motor\\StepperMotor.axf" 
Connecting: Mode=JTAG, Speed=1000000Hz
Erase Done.
Programming Done.
Verify OK.
Load "C:\\Users\\Rosswell\\Documents\\Self_Parking_Car_Garage\\Stepper_Motor\\StepperMotor.axf" 
Connecting: Mode=JTAG, Speed=1000000Hz
Erase Done.
Programming Done.
Verify OK.
Load "C:\\Users\\Rosswell\\Documents\\Self_Parking_Car_Garage\\Stepper_Motor\\StepperMotor.axf" 
Connecting: Mode=JTAG, Speed=1000000Hz
Erase Done.
Programming Done.
Verify OK.
Load "C:\\Users\\Rosswell\\Documents\\Self_Parking_Car_Garage\\Stepper_Motor\\StepperMotor.axf" 
Connecting: Mode=JTAG, Speed=1000000Hz
Erase Done.
Programming Done.
Verify OK.
lared at line 212 of "tm4c123gh6pm.h")
  #define GPIO_PORTB_CR_R         (*((volatile unsigned long *)0x40005524))
StepperTestMain.c(44): warning:  #47-D: incompatible redefinition of macro "GPIO_PORTB_AMSEL_R" (declared at line 213 of "tm4c123gh6pm.h")
  #define GPIO_PORTB_AMSEL_R      (*((volatile unsigned long *)0x40005528))
StepperTestMain.c(45): warning:  #47-D: incompatible redefinition of macro "GPIO_PORTB_PCTL_R" (declared at line 214 of "tm4c123gh6pm.h")
  #define GPIO_PORTB_PCTL_R       (*((volatile unsigned long *)0x4000552C))
StepperTestMain.c(46): warning:  #47-D: incompatible redefinition of macro "SYSCTL_RCGC2_R" (declared at line 2059 of "tm4c123gh6pm.h")
  #define SYSCTL_RCGC2_R          (*((volatile unsigned long *)0x400FE108))
StepperTestMain.c(47): warning:  #47-D: incompatible redefinition of macro "GPIO_PORTF_IS_R" (declared at line 703 of "tm4c123gh6pm.h")
  #define GPIO_PORTF_IS_R         (*((volatile unsigned long *)0x40025404))
StepperTestMain.c(48): warning:  #47-D: incompatible redefinition of macro "GPIO_PORTF_IBE_R" (declared at line 704 of "tm4c123gh6pm.h")
  #define GPIO_PORTF_IBE_R        (*((volatile unsigned long *)0x40025408))
StepperTestMain.c(49): warning:  #47-D: incompatible redefinition of macro "GPIO_PORTF_IEV_R" (declared at line 705 of "tm4c123gh6pm.h")
  #define GPIO_PORTF_IEV_R        (*((volatile unsigned long *)0x4002540C))
StepperTestMain.c(50): warning:  #47-D: incompatible redefinition of macro "GPIO_PORTF_IM_R" (declared at line 706 of "tm4c123gh6pm.h")
  #define GPIO_PORTF_IM_R         (*((volatile unsigned long *)0x40025410))
StepperTestMain.c(51): warning:  #47-D: incompatible redefinition of macro "GPIO_PORTF_RIS_R" (declared at line 707 of "tm4c123gh6pm.h")
  #define GPIO_PORTF_RIS_R        (*((volatile unsigned long *)0x40025414))
StepperTestMain.c(52): warning:  #47-D: incompatible redefinition of macro "GPIO_PORTF_ICR_R" (declared at line 709 of "tm4c123gh6pm.h")
  #define GPIO_PORTF_ICR_R        (*((volatile unsigned long *)0x4002541C))
StepperTestMain.c(53): warning:  #47-D: incompatible redefinition of macro "GPIO_PORTF_PDR_R" (declared at line 716 of "tm4c123gh6pm.h")
  #define GPIO_PORTF_PDR_R        (*((volatile unsigned long *)0x40025514))
StepperTestMain.c(55): warning:  #47-D: incompatible redefinition of macro "GPIO_PORTB_IS_R" (declared at line 195 of "tm4c123gh6pm.h")
  #define GPIO_PORTB_IS_R         (*((volatile unsigned long *)0x40005404))
StepperTestMain.c(56): warning:  #47-D: incompatible redefinition of macro "GPIO_PORTB_IBE_R" (declared at line 196 of "tm4c123gh6pm.h")
  #define GPIO_PORTB_IBE_R        (*((volatile unsigned long *)0x40005408))
StepperTestMain.c(57): warning:  #47-D: incompatible redefinition of macro "GPIO_PORTB_IEV_R" (declared at line 197 of "tm4c123gh6pm.h")
  #define GPIO_PORTB_IEV_R        (*((volatile unsigned long *)0x4000540C))
StepperTestMain.c(58): warning:  #47-D: incompatible redefinition of macro "GPIO_PORTB_IM_R" (declared at line 198 of "tm4c123gh6pm.h")
  #define GPIO_PORTB_IM_R         (*((volatile unsigned long *)0x40005410))
StepperTestMain.c(59): warning:  #47-D: incompatible redefinition of macro "GPIO_PORTB_RIS_R" (declared at line 199 of "tm4c123gh6pm.h")
  #define GPIO_PORTB_RIS_R        (*((volatile unsigned long *)0x40005414))
StepperTestMain.c(60): warning:  #47-D: incompatible redefinition of macro "GPIO_PORTB_ICR_R" (declared at line 201 of "tm4c123gh6pm.h")
  #define GPIO_PORTB_ICR_R        (*((volatile unsigned long *)0x4000541C))
StepperTestMain.c(61): warning:  #47-D: incompatible redefinition of macro "GPIO_PORTB_PDR_R" (declared at line 208 of "tm4c123gh6pm.h")
  #define GPIO_PORTB_PDR_R        (*((volatile unsigned long *)0x40005514))
StepperTestMain.c(192): warning:  #1-D: last line of file ends without a newline
  }
StepperTestMain.c: 25 warnings, 0 errors
compiling stepper.c...
compiling SysTick.c...
linking...
Program Size: Code=2416 RO-data=56 RW-data=24 ZI-data=1120  
".\StepperMotor.axf" - 0 Error(s), 25 Warning(s).
Load "C:\\Users\\Rosswell\\Documents\\Self_Parking_Car_Garage\\Stepper_Motor\\StepperMotor.axf" 
Connecting: Mode=JTAG, Speed=1000000Hz
Erase Done.
Programming Done.
Verify OK.
