<html>
<body>
<pre>
<h1>µVision Build Log</h1>
<h2>Project:</h2>
C:\Users\Rosswell\Documents\Self_Parking_Car_Garage\Stepper_Motor\StepperMotor.uvproj
Project File Date:  05/09/2018

<h2>Output:</h2>
Rebuild target 'Stepper_Motor'
assembling startup.s...
compiling StepperTestMain.c...
StepperTestMain.c(128): warning:  #1-D: last line of file ends without a newline
  }
StepperTestMain.c: 1 warning, 0 errors
compiling stepper.c...
compiling SysTick.c...
linking...
Program Size: Code=2164 RO-data=56 RW-data=20 ZI-data=1124  
".\StepperMotor.axf" - 0 Error(s), 1 Warning(s).
Load "C:\\Users\\Rosswell\\Documents\\Self_Parking_Car_Garage\\Stepper_Motor\\StepperMotor.axf" 
Connecting: Mode=JTAG, Speed=1000000Hz
Erase Done.
Programming Done.
Verify OK.
perMotor.axf" - 0 Error(s), 3 Warning(s).
Load "C:\\Users\\Rosswell\\Documents\\Self_Parking_Car_Garage\\Stepper_Motor\\StepperMotor.axf" 
Connecting: Mode=JTAG, Speed=1000000Hz
Erase Done.
Programming Done.
Verify OK.
K.
